src\test\java\hepsiburada\StepImplementation.java:4: error: package org.openqa.selenium does not exist
import org.openqa.selenium.WebDriver;
                          ^
src\test\java\hepsiburada\StepImplementation.java:5: error: package org.openqa.selenium.chrome does not exist
import org.openqa.selenium.chrome.ChromeDriver;
                                 ^
src\test\java\hepsiburada\StepImplementation.java:6: error: package org.openqa.selenium.support.ui does not exist
import org.openqa.selenium.support.ui.WebDriverWait;
                                     ^
src\test\java\hepsiburada\StepImplementation.java:11: error: cannot find symbol
    private WebDriver driver = new ChromeDriver();
            ^
  symbol:   class WebDriver
  location: class StepImplementation
src\test\java\hepsiburada\StepImplementation.java:12: error: cannot find symbol
    private WebDriverWait wait = new WebDriverWait(driver,Duration.ofSeconds(2));
            ^
  symbol:   class WebDriverWait
  location: class StepImplementation
src\test\java\hepsiburada\StepImplementation.java:11: error: cannot find symbol
    private WebDriver driver = new ChromeDriver();
                                   ^
  symbol:   class ChromeDriver
  location: class StepImplementation
src\test\java\hepsiburada\StepImplementation.java:12: error: cannot find symbol
    private WebDriverWait wait = new WebDriverWait(driver,Duration.ofSeconds(2));
                                     ^
  symbol:   class WebDriverWait
  location: class StepImplementation
src\test\java\hepsiburada\StepImplementation.java:20: error: cannot find symbol
        wait = new WebDriverWait(driver, Duration.ofSeconds(5));
                   ^
  symbol:   class WebDriverWait
  location: class StepImplementation
8 errors
